---
source: src/tests/mod.rs
expression: tokens
input_file: src/tests/cases/syntax.alloy
---
[
    Token {
        kind: LiteralInt,
        span: Span(
            (
                0,
                1,
            ),
        ),
    },
    Token {
        kind: Plus,
        span: Span(
            (
                2,
                3,
            ),
        ),
    },
    Token {
        kind: LiteralInt,
        span: Span(
            (
                4,
                5,
            ),
        ),
    },
    Token {
        kind: Asterisk,
        span: Span(
            (
                6,
                7,
            ),
        ),
    },
    Token {
        kind: LiteralInt,
        span: Span(
            (
                8,
                9,
            ),
        ),
    },
    Token {
        kind: Slash,
        span: Span(
            (
                10,
                11,
            ),
        ),
    },
    Token {
        kind: LiteralInt,
        span: Span(
            (
                12,
                13,
            ),
        ),
    },
    Token {
        kind: Indentifier,
        span: Span(
            (
                15,
                19,
            ),
        ),
    },
    Token {
        kind: Indentifier,
        span: Span(
            (
                20,
                24,
            ),
        ),
    },
    Token {
        kind: LiteralInt,
        span: Span(
            (
                26,
                27,
            ),
        ),
    },
    Token {
        kind: LessThan,
        span: Span(
            (
                28,
                29,
            ),
        ),
    },
    Token {
        kind: LiteralInt,
        span: Span(
            (
                30,
                31,
            ),
        ),
    },
    Token {
        kind: LiteralInt,
        span: Span(
            (
                32,
                33,
            ),
        ),
    },
    Token {
        kind: GreaterThan,
        span: Span(
            (
                34,
                35,
            ),
        ),
    },
    Token {
        kind: LiteralInt,
        span: Span(
            (
                36,
                37,
            ),
        ),
    },
    Token {
        kind: LiteralInt,
        span: Span(
            (
                38,
                39,
            ),
        ),
    },
    Token {
        kind: LessThanOrEqual,
        span: Span(
            (
                40,
                42,
            ),
        ),
    },
    Token {
        kind: LiteralInt,
        span: Span(
            (
                43,
                45,
            ),
        ),
    },
    Token {
        kind: LiteralInt,
        span: Span(
            (
                46,
                48,
            ),
        ),
    },
    Token {
        kind: GreaterThanOrEqual,
        span: Span(
            (
                49,
                51,
            ),
        ),
    },
    Token {
        kind: LiteralInt,
        span: Span(
            (
                52,
                54,
            ),
        ),
    },
    Token {
        kind: LiteralInt,
        span: Span(
            (
                55,
                57,
            ),
        ),
    },
    Token {
        kind: DoubleEqual,
        span: Span(
            (
                58,
                60,
            ),
        ),
    },
    Token {
        kind: LiteralInt,
        span: Span(
            (
                61,
                63,
            ),
        ),
    },
    Token {
        kind: LiteralInt,
        span: Span(
            (
                64,
                66,
            ),
        ),
    },
    Token {
        kind: NotEqual,
        span: Span(
            (
                67,
                69,
            ),
        ),
    },
    Token {
        kind: LiteralInt,
        span: Span(
            (
                70,
                72,
            ),
        ),
    },
    Token {
        kind: RBrace,
        span: Span(
            (
                74,
                75,
            ),
        ),
    },
    Token {
        kind: Indentifier,
        span: Span(
            (
                76,
                77,
            ),
        ),
    },
    Token {
        kind: Indentifier,
        span: Span(
            (
                78,
                83,
            ),
        ),
    },
    Token {
        kind: Indentifier,
        span: Span(
            (
                84,
                86,
            ),
        ),
    },
    Token {
        kind: Indentifier,
        span: Span(
            (
                87,
                91,
            ),
        ),
    },
]
