---
source: src/tests/mod.rs
expression: parser.parse().unwrap()
input_file: src/tests/cases/block-exprs.alloy
---
Ast(
    [
        Expression {
            kind: Infix {
                op: Subtract,
                lh: Expression {
                    kind: Infix {
                        op: Multiply,
                        lh: Expression {
                            kind: LiteralInt(
                                12,
                            ),
                            span: Span(
                                0,
                                2,
                            ),
                            ty: 0,
                        },
                        rh: Expression {
                            kind: Block(
                                [
                                    Expression {
                                        kind: Infix {
                                            op: Add,
                                            lh: Expression {
                                                kind: LiteralInt(
                                                    4,
                                                ),
                                                span: Span(
                                                    6,
                                                    7,
                                                ),
                                                ty: 0,
                                            },
                                            rh: Expression {
                                                kind: LiteralInt(
                                                    5,
                                                ),
                                                span: Span(
                                                    10,
                                                    11,
                                                ),
                                                ty: 0,
                                            },
                                        },
                                        span: Span(
                                            6,
                                            11,
                                        ),
                                        ty: 0,
                                    },
                                ],
                            ),
                            span: Span(
                                4,
                                13,
                            ),
                            ty: 0,
                        },
                    },
                    span: Span(
                        0,
                        13,
                    ),
                    ty: 0,
                },
                rh: Expression {
                    kind: Infix {
                        op: Power,
                        lh: Expression {
                            kind: Block(
                                [
                                    Expression {
                                        kind: LiteralInt(
                                            7,
                                        ),
                                        span: Span(
                                            17,
                                            18,
                                        ),
                                        ty: 0,
                                    },
                                ],
                            ),
                            span: Span(
                                16,
                                19,
                            ),
                            ty: 0,
                        },
                        rh: Expression {
                            kind: LiteralInt(
                                2,
                            ),
                            span: Span(
                                22,
                                23,
                            ),
                            ty: 0,
                        },
                    },
                    span: Span(
                        16,
                        23,
                    ),
                    ty: 0,
                },
            },
            span: Span(
                0,
                23,
            ),
            ty: 0,
        },
    ],
)
