---
source: src/tests/mod.rs
expression: tokens
input_file: src/tests/cases/numbers.alloy
---
[
    Token {
        kind: Number,
        span: Span(
            0,
            3,
        ),
        text: "1.2",
    },
    Token {
        kind: Plus,
        span: Span(
            4,
            5,
        ),
        text: "+",
    },
    Token {
        kind: Number,
        span: Span(
            6,
            13,
        ),
        text: "100_000",
    },
    Token {
        kind: Plus,
        span: Span(
            14,
            15,
        ),
        text: "+",
    },
    Token {
        kind: Number,
        span: Span(
            16,
            20,
        ),
        text: ".234",
    },
]
