---
source: src/tests/mod.rs
expression: tokens
input_file: src/tests/cases/maths.alloy
---
[
    Token {
        kind: Number,
        span: Span(
            0,
            1,
        ),
        text: "0",
    },
    Token {
        kind: Minus,
        span: Span(
            2,
            3,
        ),
        text: "-",
    },
    Token {
        kind: Number,
        span: Span(
            4,
            5,
        ),
        text: "1",
    },
    Token {
        kind: Plus,
        span: Span(
            6,
            7,
        ),
        text: "+",
    },
    Token {
        kind: Number,
        span: Span(
            8,
            9,
        ),
        text: "2",
    },
    Token {
        kind: Number,
        span: Span(
            11,
            12,
        ),
        text: "3",
    },
    Token {
        kind: Slash,
        span: Span(
            13,
            14,
        ),
        text: "/",
    },
    Token {
        kind: Number,
        span: Span(
            14,
            15,
        ),
        text: "4",
    },
    Token {
        kind: Number,
        span: Span(
            17,
            18,
        ),
        text: "4",
    },
    Token {
        kind: Caret,
        span: Span(
            18,
            19,
        ),
        text: "^",
    },
    Token {
        kind: Number,
        span: Span(
            19,
            20,
        ),
        text: "3",
    },
    Token {
        kind: Number,
        span: Span(
            22,
            23,
        ),
        text: "5",
    },
    Token {
        kind: LessThan,
        span: Span(
            24,
            25,
        ),
        text: "<",
    },
    Token {
        kind: Number,
        span: Span(
            26,
            27,
        ),
        text: "6",
    },
    Token {
        kind: Number,
        span: Span(
            28,
            29,
        ),
        text: "7",
    },
    Token {
        kind: GreaterThan,
        span: Span(
            30,
            31,
        ),
        text: ">",
    },
    Token {
        kind: Number,
        span: Span(
            32,
            33,
        ),
        text: "8",
    },
    Token {
        kind: Number,
        span: Span(
            34,
            35,
        ),
        text: "9",
    },
    Token {
        kind: LessThanOrEqual,
        span: Span(
            36,
            38,
        ),
        text: "<=",
    },
    Token {
        kind: Number,
        span: Span(
            39,
            41,
        ),
        text: "10",
    },
    Token {
        kind: Number,
        span: Span(
            42,
            44,
        ),
        text: "11",
    },
    Token {
        kind: GreaterThanOrEqual,
        span: Span(
            45,
            47,
        ),
        text: ">=",
    },
    Token {
        kind: Number,
        span: Span(
            48,
            50,
        ),
        text: "12",
    },
    Token {
        kind: Number,
        span: Span(
            51,
            53,
        ),
        text: "13",
    },
    Token {
        kind: DoubleEquals,
        span: Span(
            54,
            56,
        ),
        text: "==",
    },
    Token {
        kind: Number,
        span: Span(
            57,
            59,
        ),
        text: "14",
    },
    Token {
        kind: Number,
        span: Span(
            60,
            62,
        ),
        text: "15",
    },
    Token {
        kind: NotEquals,
        span: Span(
            63,
            65,
        ),
        text: "!=",
    },
    Token {
        kind: Number,
        span: Span(
            66,
            68,
        ),
        text: "16",
    },
    Token {
        kind: Exclamation,
        span: Span(
            70,
            71,
        ),
        text: "!",
    },
    Token {
        kind: Number,
        span: Span(
            71,
            73,
        ),
        text: "17",
    },
]
